
> awhittlewandering-frontend@1.0.0 lint
> eslint .


/Users/joe/Projects/Personal/ContinentalUSA/frontend/src/components/AdvancedTeslaMap.tsx
  14:8   warning  'RouteSegment' is defined but never used                                                         @typescript-eslint/no-unused-vars
  15:8   warning  'ClusteredWaypoint' is defined but never used                                                    @typescript-eslint/no-unused-vars
  39:3   warning  'showElevationProfile' is assigned a value but never used. Allowed unused args must match /^_/u  @typescript-eslint/no-unused-vars
  40:3   warning  'showRouteAnimation' is assigned a value but never used. Allowed unused args must match /^_/u    @typescript-eslint/no-unused-vars
  64:33  warning  Unexpected any. Specify a different type                                                         @typescript-eslint/no-explicit-any

/Users/joe/Projects/Personal/ContinentalUSA/frontend/src/components/AdventureCsvUploader.tsx
   4:10  warning  'Badge' is defined but never used                                                                                                                                                                                                                      @typescript-eslint/no-unused-vars
  10:26  warning  Unexpected any. Specify a different type                                                                                                                                                                                                               @typescript-eslint/no-explicit-any
  30:7   warning  Unexpected console statement. Only these console methods are allowed: warn, error                                                                                                                                                                      no-console
  34:23  warning  Unexpected any. Specify a different type                                                                                                                                                                                                               @typescript-eslint/no-explicit-any
  41:7   warning  Unexpected console statement. Only these console methods are allowed: warn, error                                                                                                                                                                      no-console
  70:7   warning  Unexpected console statement. Only these console methods are allowed: warn, error                                                                                                                                                                      no-console
  87:6   warning  React Hook useCallback has a missing dependency: 'onMapDataAvailable'. Either include it or remove the dependency array. If 'onMapDataAvailable' changes too often, find the parent component that defines it and wrap that definition in useCallback  react-hooks/exhaustive-deps

/Users/joe/Projects/Personal/ContinentalUSA/frontend/src/components/ApiTest.tsx
  13:5  warning  'selectedVehicle' is assigned a value but never used  @typescript-eslint/no-unused-vars

/Users/joe/Projects/Personal/ContinentalUSA/frontend/src/components/DebugInfo.tsx
  30:22  warning  Unexpected any. Specify a different type  @typescript-eslint/no-explicit-any
  31:23  warning  Unexpected any. Specify a different type  @typescript-eslint/no-explicit-any

/Users/joe/Projects/Personal/ContinentalUSA/frontend/src/components/EnhancedTeslaMap.tsx
   33:5   warning  'vehicleData' is assigned a value but never used                                                                                                                                                                                                    @typescript-eslint/no-unused-vars
   50:33  warning  Unexpected any. Specify a different type                                                                                                                                                                                                            @typescript-eslint/no-explicit-any
   82:6   warning  React Hook useEffect has an unnecessary dependency: 'locationHistory'. Either exclude it or remove the dependency array. Outer scope values like 'locationHistory' aren't valid dependencies because mutating them doesn't re-render the component  react-hooks/exhaustive-deps
  368:6   warning  React Hook useEffect has an unnecessary dependency: 'extendedStays'. Either exclude it or remove the dependency array. Outer scope values like 'extendedStays' aren't valid dependencies because mutating them doesn't re-render the component      react-hooks/exhaustive-deps
  393:6   warning  React Hook useEffect has an unnecessary dependency: 'extendedStays'. Either exclude it or remove the dependency array. Outer scope values like 'extendedStays' aren't valid dependencies because mutating them doesn't re-render the component      react-hooks/exhaustive-deps

/Users/joe/Projects/Personal/ContinentalUSA/frontend/src/components/InteractiveRoutePlanner.tsx
    4:27  warning  'useEffect' is defined but never used                                              @typescript-eslint/no-unused-vars
   17:3   warning  'Fuel' is defined but never used                                                   @typescript-eslint/no-unused-vars
   64:3   warning  'currentLocation' is defined but never used. Allowed unused args must match /^_/u  @typescript-eslint/no-unused-vars
  311:33  warning  'address' is defined but never used. Allowed unused args must match /^_/u          @typescript-eslint/no-unused-vars
  378:67  warning  Unexpected any. Specify a different type                                           @typescript-eslint/no-explicit-any

/Users/joe/Projects/Personal/ContinentalUSA/frontend/src/components/JourneyDashboard.tsx
    7:10  warning  'formatTemperature' is defined but never used                                                                                                                                                                                                                                                                           @typescript-eslint/no-unused-vars
   29:5   warning  'vehicleData' is assigned a value but never used                                                                                                                                                                                                                                                                        @typescript-eslint/no-unused-vars
   36:24  warning  Unexpected any. Specify a different type                                                                                                                                                                                                                                                                                @typescript-eslint/no-explicit-any
   55:7   warning  Unexpected console statement. Only these console methods are allowed: warn, error                                                                                                                                                                                                                                       no-console
  148:6   warning  React Hook useEffect has unnecessary dependencies: 'setChargeHistory', 'setDriveHistory', 'setExtendedStays', and 'setJourneyAnalytics'. Either exclude them or remove the dependency array. Outer scope values like 'setDriveHistory' aren't valid dependencies because mutating them doesn't re-render the component  react-hooks/exhaustive-deps
  229:53  warning  Unexpected any. Specify a different type                                                                                                                                                                                                                                                                                @typescript-eslint/no-explicit-any

/Users/joe/Projects/Personal/ContinentalUSA/frontend/src/components/JourneyTimeline.tsx
   5:32  warning  'TimelineEvent' is defined but never used  @typescript-eslint/no-unused-vars
  34:33  warning  Unexpected any. Specify a different type   @typescript-eslint/no-explicit-any

/Users/joe/Projects/Personal/ContinentalUSA/frontend/src/components/MediaGallery.tsx
    5:29  warning  'CardHeader' is defined but never used                                                 @typescript-eslint/no-unused-vars
    5:41  warning  'CardTitle' is defined but never used                                                  @typescript-eslint/no-unused-vars
   14:3   warning  'Filter' is defined but never used                                                     @typescript-eslint/no-unused-vars
   19:3   warning  'Tag' is defined but never used                                                        @typescript-eslint/no-unused-vars
   25:3   warning  'MoreVertical' is defined but never used                                               @typescript-eslint/no-unused-vars
   66:3   warning  'tripStates' is assigned a value but never used. Allowed unused args must match /^_/u  @typescript-eslint/no-unused-vars
   75:10  warning  'selectedMedia' is assigned a value but never used                                     @typescript-eslint/no-unused-vars
  104:19  warning  Unexpected any. Specify a different type                                               @typescript-eslint/no-explicit-any
  104:32  warning  Unexpected any. Specify a different type                                               @typescript-eslint/no-explicit-any
  359:59  warning  Unexpected any. Specify a different type                                               @typescript-eslint/no-explicit-any

/Users/joe/Projects/Personal/ContinentalUSA/frontend/src/components/MediaManager.tsx
    9:3   warning  'Upload' is defined but never used              @typescript-eslint/no-unused-vars
   18:3   warning  'Video' is defined but never used               @typescript-eslint/no-unused-vars
   65:10  warning  'isLoading' is assigned a value but never used  @typescript-eslint/no-unused-vars
  147:42  warning  Unexpected any. Specify a different type        @typescript-eslint/no-explicit-any
  272:54  warning  Unexpected any. Specify a different type        @typescript-eslint/no-explicit-any

/Users/joe/Projects/Personal/ContinentalUSA/frontend/src/components/PublicApp.tsx
    3:10  warning  'formatTemperature' is defined but never used      @typescript-eslint/no-unused-vars
    9:10  warning  'Card' is defined but never used                   @typescript-eslint/no-unused-vars
    9:16  warning  'CardContent' is defined but never used            @typescript-eslint/no-unused-vars
    9:29  warning  'CardHeader' is defined but never used             @typescript-eslint/no-unused-vars
    9:41  warning  'CardTitle' is defined but never used              @typescript-eslint/no-unused-vars
   11:10  warning  'Button' is defined but never used                 @typescript-eslint/no-unused-vars
   19:5   warning  'lastUpdate' is assigned a value but never used    @typescript-eslint/no-unused-vars
   93:40  warning  Unexpected any. Specify a different type           @typescript-eslint/no-explicit-any
  113:9   warning  'journeyStats' is assigned a value but never used  @typescript-eslint/no-unused-vars

/Users/joe/Projects/Personal/ContinentalUSA/frontend/src/components/RealTimeLocationTracker.tsx
   12:3   warning  'Clock' is defined but never used                                                                                                                                                                                                                                                                              @typescript-eslint/no-unused-vars
   23:3   warning  'Calendar' is defined but never used                                                                                                                                                                                                                                                                           @typescript-eslint/no-unused-vars
  185:16  warning  'error' is defined but never used                                                                                                                                                                                                                                                                              @typescript-eslint/no-unused-vars
  194:6   warning  React Hook useEffect has missing dependencies: 'currentLocation', 'currentVehicle', 'onLocationUpdate', and 'onVehicleUpdate'. Either include them or remove the dependency array. If 'onLocationUpdate' changes too often, find the parent component that defines it and wrap that definition in useCallback  react-hooks/exhaustive-deps
  205:14  warning  'error' is defined but never used                                                                                                                                                                                                                                                                              @typescript-eslint/no-unused-vars
  226:9   warning  'getConnectionStatusColor' is assigned a value but never used                                                                                                                                                                                                                                                  @typescript-eslint/no-unused-vars
  235:9   warning  'getConnectionIcon' is assigned a value but never used                                                                                                                                                                                                                                                         @typescript-eslint/no-unused-vars

/Users/joe/Projects/Personal/ContinentalUSA/frontend/src/components/RoadTripTracker.tsx
    7:117  warning  'Shield' is defined but never used                                                  @typescript-eslint/no-unused-vars
   36:3    warning  'onAddManualEvent' is defined but never used. Allowed unused args must match /^_/u  @typescript-eslint/no-unused-vars
   38:52   warning  Unexpected any. Specify a different type                                            @typescript-eslint/no-explicit-any
   57:11   warning  'overview' is assigned a value but never used                                       @typescript-eslint/no-unused-vars
   57:45   warning  'dataLoading' is assigned a value but never used                                    @typescript-eslint/no-unused-vars
   57:65   warning  'dataError' is assigned a value but never used                                      @typescript-eslint/no-unused-vars
   59:9    warning  'visitedStates' is assigned a value but never used                                  @typescript-eslint/no-unused-vars
   63:35   warning  Unexpected any. Specify a different type                                            @typescript-eslint/no-explicit-any
   87:9    warning  'handleTokenChange' is assigned a value but never used                              @typescript-eslint/no-unused-vars
  485:52   warning  Unexpected console statement. Only these console methods are allowed: warn, error   no-console
  486:52   warning  Unexpected console statement. Only these console methods are allowed: warn, error   no-console
  512:43   warning  Unexpected console statement. Only these console methods are allowed: warn, error   no-console
  513:51   warning  Unexpected console statement. Only these console methods are allowed: warn, error   no-console

/Users/joe/Projects/Personal/ContinentalUSA/frontend/src/components/SmartTimeline.tsx
   10:3   warning  'Calendar' is defined but never used                                               @typescript-eslint/no-unused-vars
   17:3   warning  'Battery' is defined but never used                                                @typescript-eslint/no-unused-vars
   19:3   warning  'Fuel' is defined but never used                                                   @typescript-eslint/no-unused-vars
   20:3   warning  'Play' is defined but never used                                                   @typescript-eslint/no-unused-vars
  125:3   warning  'currentLocation' is defined but never used. Allowed unused args must match /^_/u  @typescript-eslint/no-unused-vars
  127:3   warning  'onEventClick' is defined but never used. Allowed unused args must match /^_/u     @typescript-eslint/no-unused-vars
  138:10  warning  'selectedEvent' is assigned a value but never used                                 @typescript-eslint/no-unused-vars
  138:25  warning  'setSelectedEvent' is assigned a value but never used                              @typescript-eslint/no-unused-vars
  140:25  warning  'setActiveFilters' is assigned a value but never used                              @typescript-eslint/no-unused-vars
  144:9   warning  'sampleEvents' is assigned a value but never used                                  @typescript-eslint/no-unused-vars
  307:11  warning  'photos' is assigned a value but never used                                        @typescript-eslint/no-unused-vars
  458:85  warning  Unexpected any. Specify a different type                                           @typescript-eslint/no-explicit-any

/Users/joe/Projects/Personal/ContinentalUSA/frontend/src/components/SmartVehicleStats.tsx
   9:3  warning  'Clock' is defined but never used   @typescript-eslint/no-unused-vars
  13:3  warning  'Target' is defined but never used  @typescript-eslint/no-unused-vars

/Users/joe/Projects/Personal/ContinentalUSA/frontend/src/components/SystemHealthMonitor.tsx
  88:6  warning  React Hook useEffect has a missing dependency: 'runHealthChecks'. Either include it or remove the dependency array  react-hooks/exhaustive-deps

/Users/joe/Projects/Personal/ContinentalUSA/frontend/src/components/SystemStatusPanel.tsx
   3:10  warning  'Badge' is defined but never used         @typescript-eslint/no-unused-vars
  10:13  warning  Unexpected any. Specify a different type  @typescript-eslint/no-explicit-any
  11:16  warning  Unexpected any. Specify a different type  @typescript-eslint/no-explicit-any
  12:21  warning  Unexpected any. Specify a different type  @typescript-eslint/no-explicit-any
  13:22  warning  Unexpected any. Specify a different type  @typescript-eslint/no-explicit-any
  19:17  warning  Unexpected any. Specify a different type  @typescript-eslint/no-explicit-any

/Users/joe/Projects/Personal/ContinentalUSA/frontend/src/components/TeslaMap.tsx
   70:7   warning  Unexpected console statement. Only these console methods are allowed: warn, error                                                                                                    no-console
   96:6   warning  React Hook useEffect has missing dependencies: 'addRouteToMap', 'generateRouteFromDrives', 'routePoints', and 'vehicleLocation'. Either include them or remove the dependency array  react-hooks/exhaustive-deps
  106:6   warning  React Hook useEffect has missing dependencies: 'addRouteToMap' and 'generateRouteFromDrives'. Either include them or remove the dependency array                                     react-hooks/exhaustive-deps
  111:5   warning  Unexpected console statement. Only these console methods are allowed: warn, error                                                                                                    no-console
  115:38  warning  'index' is defined but never used. Allowed unused args must match /^_/u                                                                                                              @typescript-eslint/no-unused-vars
  136:5   warning  Unexpected console statement. Only these console methods are allowed: warn, error                                                                                                    no-console
  143:5   warning  Unexpected console statement. Only these console methods are allowed: warn, error                                                                                                    no-console

/Users/joe/Projects/Personal/ContinentalUSA/frontend/src/components/TessieApiDebugger.tsx
  13:10  warning  Unexpected any. Specify a different type                                           @typescript-eslint/no-explicit-any
  45:7   warning  Unexpected console statement. Only these console methods are allowed: warn, error  no-console
  90:5   warning  Unexpected console statement. Only these console methods are allowed: warn, error  no-console

/Users/joe/Projects/Personal/ContinentalUSA/frontend/src/components/TimelineDataDisplay.tsx
  11:68  warning  'tessieApiKey' is defined but never used. Allowed unused args must match /^_/u  @typescript-eslint/no-unused-vars

/Users/joe/Projects/Personal/ContinentalUSA/frontend/src/components/ui/badge.tsx
  36:17  warning  Fast refresh only works when a file only exports components. Use a new file to share constants or functions between components  react-refresh/only-export-components

/Users/joe/Projects/Personal/ContinentalUSA/frontend/src/components/ui/button.tsx
  56:18  warning  Fast refresh only works when a file only exports components. Use a new file to share constants or functions between components  react-refresh/only-export-components

/Users/joe/Projects/Personal/ContinentalUSA/frontend/src/components/ui/form.tsx
  168:3  warning  Fast refresh only works when a file only exports components. Use a new file to share constants or functions between components  react-refresh/only-export-components

/Users/joe/Projects/Personal/ContinentalUSA/frontend/src/components/ui/navigation-menu.tsx
  119:3  warning  Fast refresh only works when a file only exports components. Use a new file to share constants or functions between components  react-refresh/only-export-components

/Users/joe/Projects/Personal/ContinentalUSA/frontend/src/components/ui/sidebar.tsx
  760:3  warning  Fast refresh only works when a file only exports components. Use a new file to share constants or functions between components  react-refresh/only-export-components

/Users/joe/Projects/Personal/ContinentalUSA/frontend/src/components/ui/sonner.tsx
  29:19  warning  Fast refresh only works when a file only exports components. Use a new file to share constants or functions between components  react-refresh/only-export-components

/Users/joe/Projects/Personal/ContinentalUSA/frontend/src/components/ui/toggle.tsx
  43:18  warning  Fast refresh only works when a file only exports components. Use a new file to share constants or functions between components  react-refresh/only-export-components

/Users/joe/Projects/Personal/ContinentalUSA/frontend/src/debug.tsx
   4:10  warning  Fast refresh only works when a file has exports. Move your component(s) to a separate file  react-refresh/only-export-components
  30:1   warning  Unexpected console statement. Only these console methods are allowed: warn, error           no-console
  31:1   warning  Unexpected console statement. Only these console methods are allowed: warn, error           no-console
  32:1   warning  Unexpected console statement. Only these console methods are allowed: warn, error           no-console
  33:1   warning  Unexpected console statement. Only these console methods are allowed: warn, error           no-console
  39:3   warning  Unexpected console statement. Only these console methods are allowed: warn, error           no-console

/Users/joe/Projects/Personal/ContinentalUSA/frontend/src/hooks/use-toast.ts
  18:7  warning  'actionTypes' is assigned a value but only used as a type  @typescript-eslint/no-unused-vars

/Users/joe/Projects/Personal/ContinentalUSA/frontend/src/hooks/useJourneyTessieApi.ts
   4:10  warning  'useUnifiedTessieApi' is defined but never used  @typescript-eslint/no-unused-vars
   5:10  warning  'useMemo' is defined but never used              @typescript-eslint/no-unused-vars
  18:22  warning  Unexpected any. Specify a different type         @typescript-eslint/no-explicit-any

/Users/joe/Projects/Personal/ContinentalUSA/frontend/src/hooks/useRealtimeStatus.ts
  135:6  warning  React Hook useEffect has a missing dependency: 'startPolling'. Either include it or remove the dependency array  react-hooks/exhaustive-deps

/Users/joe/Projects/Personal/ContinentalUSA/frontend/src/hooks/useRobustData.ts
  105:11  warning  Unexpected console statement. Only these console methods are allowed: warn, error  no-console
  138:11  warning  Unexpected console statement. Only these console methods are allowed: warn, error  no-console
  158:11  warning  Unexpected console statement. Only these console methods are allowed: warn, error  no-console

/Users/joe/Projects/Personal/ContinentalUSA/frontend/src/hooks/useUnifiedApiData.ts
  107:7  warning  Unexpected console statement. Only these console methods are allowed: warn, error  no-console
  110:7  warning  Unexpected console statement. Only these console methods are allowed: warn, error  no-console

/Users/joe/Projects/Personal/ContinentalUSA/frontend/src/hooks/useUnifiedTessieApi.ts
   73:5   warning  Unexpected console statement. Only these console methods are allowed: warn, error  no-console
   82:5   warning  Unexpected console statement. Only these console methods are allowed: warn, error  no-console
   95:5   warning  Unexpected console statement. Only these console methods are allowed: warn, error  no-console
  101:7   warning  Unexpected console statement. Only these console methods are allowed: warn, error  no-console
  109:7   warning  Unexpected console statement. Only these console methods are allowed: warn, error  no-console
  111:7   warning  Unexpected console statement. Only these console methods are allowed: warn, error  no-console
  113:63  warning  Unexpected any. Specify a different type                                           @typescript-eslint/no-explicit-any
  120:7   warning  Unexpected console statement. Only these console methods are allowed: warn, error  no-console
  125:9   warning  Unexpected console statement. Only these console methods are allowed: warn, error  no-console
  146:7   warning  Unexpected console statement. Only these console methods are allowed: warn, error  no-console
  151:7   warning  Unexpected console statement. Only these console methods are allowed: warn, error  no-console
  153:7   warning  Unexpected console statement. Only these console methods are allowed: warn, error  no-console
  169:7   warning  Unexpected console statement. Only these console methods are allowed: warn, error  no-console
  181:7   warning  Unexpected console statement. Only these console methods are allowed: warn, error  no-console
  186:7   warning  Unexpected console statement. Only these console methods are allowed: warn, error  no-console
  192:7   warning  Unexpected console statement. Only these console methods are allowed: warn, error  no-console
  196:7   warning  Unexpected console statement. Only these console methods are allowed: warn, error  no-console
  198:67  warning  Unexpected any. Specify a different type                                           @typescript-eslint/no-explicit-any
  221:11  warning  Unexpected console statement. Only these console methods are allowed: warn, error  no-console
  227:7   warning  Unexpected console statement. Only these console methods are allowed: warn, error  no-console
  237:7   warning  Unexpected console statement. Only these console methods are allowed: warn, error  no-console
  242:7   warning  Unexpected console statement. Only these console methods are allowed: warn, error  no-console
  249:7   warning  Unexpected console statement. Only these console methods are allowed: warn, error  no-console
  251:70  warning  Unexpected any. Specify a different type                                           @typescript-eslint/no-explicit-any
  268:11  warning  Unexpected console statement. Only these console methods are allowed: warn, error  no-console
  274:7   warning  Unexpected console statement. Only these console methods are allowed: warn, error  no-console
  309:5   warning  Unexpected console statement. Only these console methods are allowed: warn, error  no-console
  348:7   warning  Unexpected console statement. Only these console methods are allowed: warn, error  no-console

/Users/joe/Projects/Personal/ContinentalUSA/frontend/src/hooks/useWeatherApi.ts
    1:20  warning  'useEffect' is defined but never used                                              @typescript-eslint/no-unused-vars
   76:7   warning  Unexpected console statement. Only these console methods are allowed: warn, error  no-console
   80:7   warning  Unexpected console statement. Only these console methods are allowed: warn, error  no-console
   95:7   warning  Unexpected console statement. Only these console methods are allowed: warn, error  no-console
  106:7   warning  Unexpected console statement. Only these console methods are allowed: warn, error  no-console
  126:7   warning  Unexpected console statement. Only these console methods are allowed: warn, error  no-console
  141:7   warning  Unexpected console statement. Only these console methods are allowed: warn, error  no-console
  151:65  warning  Unexpected any. Specify a different type                                           @typescript-eslint/no-explicit-any
  162:7   warning  Unexpected console statement. Only these console methods are allowed: warn, error  no-console
  173:7   warning  Unexpected console statement. Only these console methods are allowed: warn, error  no-console
  184:93  warning  Unexpected any. Specify a different type                                           @typescript-eslint/no-explicit-any
  194:7   warning  Unexpected console statement. Only these console methods are allowed: warn, error  no-console
  211:5   warning  Unexpected console statement. Only these console methods are allowed: warn, error  no-console

/Users/joe/Projects/Personal/ContinentalUSA/frontend/src/lib/api-config.ts
  55:27  warning  Unexpected any. Specify a different type  @typescript-eslint/no-explicit-any

/Users/joe/Projects/Personal/ContinentalUSA/frontend/src/lib/api.ts
  21:38  warning  Unexpected any. Specify a different type  @typescript-eslint/no-explicit-any

/Users/joe/Projects/Personal/ContinentalUSA/frontend/src/lib/auth.ts
  4:7  warning  'ADMIN_KEY' is assigned a value but never used  @typescript-eslint/no-unused-vars

/Users/joe/Projects/Personal/ContinentalUSA/frontend/src/services/driveAnalysisService.ts
  143:5  warning  Unexpected console statement. Only these console methods are allowed: warn, error  no-console
  337:5  warning  Unexpected console statement. Only these console methods are allowed: warn, error  no-console

/Users/joe/Projects/Personal/ContinentalUSA/frontend/src/services/journeyIntelligence.ts
   80:5   warning  Unexpected console statement. Only these console methods are allowed: warn, error  no-console
   86:34  warning  Unexpected any. Specify a different type                                           @typescript-eslint/no-explicit-any
   87:5   warning  Unexpected console statement. Only these console methods are allowed: warn, error  no-console
   95:5   warning  Unexpected console statement. Only these console methods are allowed: warn, error  no-console
  103:36  warning  Unexpected any. Specify a different type                                           @typescript-eslint/no-explicit-any
  104:5   warning  Unexpected console statement. Only these console methods are allowed: warn, error  no-console
  112:5   warning  Unexpected console statement. Only these console methods are allowed: warn, error  no-console
  122:5   warning  Unexpected console statement. Only these console methods are allowed: warn, error  no-console
  149:5   warning  Unexpected console statement. Only these console methods are allowed: warn, error  no-console
  170:40  warning  Unexpected any. Specify a different type                                           @typescript-eslint/no-explicit-any
  196:42  warning  Unexpected any. Specify a different type                                           @typescript-eslint/no-explicit-any
  226:43  warning  Unexpected any. Specify a different type                                           @typescript-eslint/no-explicit-any
  226:56  warning  Unexpected any. Specify a different type                                           @typescript-eslint/no-explicit-any
  226:71  warning  Unexpected any. Specify a different type                                           @typescript-eslint/no-explicit-any
  241:44  warning  Unexpected any. Specify a different type                                           @typescript-eslint/no-explicit-any
  241:60  warning  Unexpected any. Specify a different type                                           @typescript-eslint/no-explicit-any
  252:42  warning  Unexpected any. Specify a different type                                           @typescript-eslint/no-explicit-any

/Users/joe/Projects/Personal/ContinentalUSA/frontend/src/services/journeyTimelineProcessor.ts
    2:67  warning  'TimelineEntry' is defined but never used                                          @typescript-eslint/no-unused-vars
   79:5   warning  Unexpected console statement. Only these console methods are allowed: warn, error  no-console
   82:35  warning  'timeline' is assigned a value but never used                                      @typescript-eslint/no-unused-vars
  129:5   warning  Unexpected console statement. Only these console methods are allowed: warn, error  no-console

/Users/joe/Projects/Personal/ContinentalUSA/frontend/src/services/timelineData.ts
  145:7   warning  Unexpected console statement. Only these console methods are allowed: warn, error  no-console
  183:69  warning  Unexpected any. Specify a different type                                           @typescript-eslint/no-explicit-any

/Users/joe/Projects/Personal/ContinentalUSA/frontend/src/services/tripDataService.ts
   6:21  warning  Unexpected any. Specify a different type  @typescript-eslint/no-explicit-any
   7:28  warning  Unexpected any. Specify a different type  @typescript-eslint/no-explicit-any
  16:43  warning  Unexpected any. Specify a different type  @typescript-eslint/no-explicit-any
  35:43  warning  Unexpected any. Specify a different type  @typescript-eslint/no-explicit-any

/Users/joe/Projects/Personal/ContinentalUSA/frontend/src/utils/journeyCalculations.ts
   91:3  warning  Unexpected console statement. Only these console methods are allowed: warn, error  no-console
   92:3  warning  Unexpected console statement. Only these console methods are allowed: warn, error  no-console
   93:3  warning  Unexpected console statement. Only these console methods are allowed: warn, error  no-console
  102:5  warning  Unexpected console statement. Only these console methods are allowed: warn, error  no-console
  106:3  warning  Unexpected console statement. Only these console methods are allowed: warn, error  no-console
  112:3  warning  Unexpected console statement. Only these console methods are allowed: warn, error  no-console
  113:3  warning  Unexpected console statement. Only these console methods are allowed: warn, error  no-console
  158:3  warning  Unexpected console statement. Only these console methods are allowed: warn, error  no-console

/Users/joe/Projects/Personal/ContinentalUSA/frontend/src/utils/securityConfig.ts
  43:45  warning  Unexpected any. Specify a different type                                           @typescript-eslint/no-explicit-any
  51:59  warning  Unexpected any. Specify a different type                                           @typescript-eslint/no-explicit-any
  54:5   warning  Unexpected console statement. Only these console methods are allowed: warn, error  no-console

/Users/joe/Projects/Personal/ContinentalUSA/frontend/src/utils/stateDetection.ts
  73:47  warning  Unexpected any. Specify a different type  @typescript-eslint/no-explicit-any

✖ 217 problems (0 errors, 217 warnings)

